*** Using Compiler 'V5.06 update 6 (build 750)', folder: 'C:\Keil_v5\ARM\ARMCC\Bin'
Build target 'nexlink_f405_husb_app'
assembling startup_stm32f405xx.s...
compiling dma.c...
compiling crc.c...
compiling lv_anim_light.c...
compiling gpio.c...
compiling myiic.c...
compiling i2s.c...
compiling main.c...
compiling usart.c...
compiling spi.c...
compiling rng.c...
compiling wwdg.c...
compiling tim.c...
compiling stm32f4xx_it.c...
compiling stm32f4xx_hal_msp.c...
compiling stm32f4xx_hal_rcc_ex.c...
compiling stmflash.c...
compiling stm32f4xx_hal_rcc.c...
compiling stm32f4xx_hal_pcd_ex.c...
compiling adc.c...
compiling stm32f4xx_hal_pcd.c...
compiling stm32f4xx_ll_usb.c...
compiling stm32f4xx_hal_flash_ramfunc.c...
compiling stm32f4xx_hal_dma.c...
compiling stm32f4xx_hal_flash.c...
compiling stm32f4xx_hal_flash_ex.c...
compiling stm32f4xx_hal_pwr.c...
compiling stm32f4xx_hal_gpio.c...
compiling stm32f4xx_hal_dma_ex.c...
compiling stm32f4xx_hal_pwr_ex.c...
compiling stm32f4xx_hal_cortex.c...
compiling stm32f4xx_hal.c...
compiling stm32f4xx_hal_crc.c...
compiling stm32f4xx_hal_exti.c...
compiling stm32f4xx_hal_i2s_ex.c...
compiling stm32f4xx_hal_i2s.c...
compiling stm32f4xx_hal_rng.c...
compiling stm32f4xx_hal_wwdg.c...
compiling stm32f4xx_hal_adc.c...
compiling stm32f4xx_hal_tim_ex.c...
compiling stm32f4xx_ll_adc.c...
compiling stm32f4xx_hal_uart.c...
compiling stm32f4xx_hal_spi.c...
compiling stm32f4xx_hal_tim.c...
compiling stm32f4xx_hal_adc_ex.c...
compiling usbd_desc.c...
compiling system_stm32f4xx.c...
compiling usbd_nex_link.c...
compiling stm32f4xx_hal_timebase_tim.c...
compiling usbd_core.c...
compiling usbd_conf.c...
compiling usbd_ctlreq.c...
compiling my_math.c...
compiling zf_common_font.c...
compiling easy_key.c...
compiling usbd_ioreq.c...
compiling zf_common_function.c...
compiling easy_ui_user_app.c...
..\ThirdPart\easyui\src\easy_ui_user_app.c(345): warning:  #188-D: enumerated type mixed with another type
  		NV3030B_SetRotation(0);
..\ThirdPart\easyui\src\easy_ui_user_app.c: 1 warning, 0 errors
compiling nv3030b.c...
compiling easy_ui.c...
compiling animation.c...
compiling fftaffect.c...
compiling inv_mpu.c...
compiling mpu6050.c...
compiling bmp280.c...
compiling rx8900.c...
compiling beep.c...
compiling inv_mpu_dmp_motion_driver.c...
linking...
Program Size: Code=64064 RO-data=37212 RW-data=916 ZI-data=105596  
FromELF: creating hex file...
After Build - User command #1: fromelf --bin -o "nexlink_f405_husb\nexlink_f405_husb.bin" "nexlink_f405_husb\nexlink_f405_husb.axf"
After Build - User command #2: addheader v2.01.bat

d:\Documents\temp\nexlink\STM32\nexlink_husb\MDK-ARM>set "year=25" 

d:\Documents\temp\nexlink\STM32\nexlink_husb\MDK-ARM>set "month=05" 

d:\Documents\temp\nexlink\STM32\nexlink_husb\MDK-ARM>set "day=16" 

d:\Documents\temp\nexlink\STM32\nexlink_husb\MDK-ARM>set "hour_ten=1" 

d:\Documents\temp\nexlink\STM32\nexlink_husb\MDK-ARM>set "hour_one=6" 

d:\Documents\temp\nexlink\STM32\nexlink_husb\MDK-ARM>set "minute=45" 

d:\Documents\temp\nexlink\STM32\nexlink_husb\MDK-ARM>set "second=49" 

d:\Documents\temp\nexlink\STM32\nexlink_husb\MDK-ARM>mkdir output 

d:\Documents\temp\nexlink\STM32\nexlink_husb\MDK-ARM>echo appheader v2.01 t250516164549  1>"nexlink_f405_husb\appheader.bin" 

d:\Documents\temp\nexlink\STM32\nexlink_husb\MDK-ARM>copy /b nexlink_f405_husb\appheader.bin + nexlink_f405_husb\nexlink_f405_husb.bin output\nexlink_f405_husb_merge_20250516.bin 
nexlink_f405_husb\appheader.bin
nexlink_f405_husb\nexlink_f405_husb.bin
已复制         1 个文件。

d:\Documents\temp\nexlink\STM32\nexlink_husb\MDK-ARM>del "nexlink_f405_husb\appheader.bin" 

d:\Documents\temp\nexlink\STM32\nexlink_husb\MDK-ARM>echo skip 32bytes 
skip 32bytes
"nexlink_f405_husb\nexlink_f405_husb.axf" - 0 Error(s), 1 Warning(s).
Build Time Elapsed:  00:00:51
